../Core/Src/main.c:89:5:main	16	static
../Core/Src/main.c:167:6:SystemClock_Config	88	static
../Core/Src/main.c:213:13:MX_TIM1_Init	56	static
../Core/Src/main.c:263:13:MX_TIM2_Init	56	static
../Core/Src/main.c:312:13:MX_TIM3_Init	56	static
../Core/Src/main.c:361:13:MX_TIM4_Init	56	static
../Core/Src/main.c:410:13:MX_TIM5_Init	56	static
../Core/Src/main.c:459:13:MX_TIM8_Init	56	static
../Core/Src/main.c:509:13:MX_TIM9_Init	24	static
../Core/Src/main.c:554:13:MX_TIM10_Init	24	static
../Core/Src/main.c:599:13:MX_TIM11_Init	24	static
../Core/Src/main.c:644:13:MX_TIM12_Init	24	static
../Core/Src/main.c:689:13:MX_USART2_UART_Init	8	static
../Core/Src/main.c:722:13:MX_GPIO_Init	56	static
../Core/Src/main.c:810:6:RS485_TX_Mode	8	static
../Core/Src/main.c:814:6:RS485_RX_Mode	8	static
../Core/Src/main.c:818:6:Send_Response	16	static
../Core/Src/main.c:827:19:ReadLine_NonBlocking	32	static
../Core/Src/main.c:842:6:Process_Packet	144	static
../Core/Src/main.c:919:9:Flash_Read_SlaveID	24	static
../Core/Src/main.c:946:19:Flash_Write_SlaveID	64	static
../Core/Src/main.c:1006:6:Error_Handler	4	static,ignoring_inline_asm
